2026-08-21 20:14:39,967 | INFO | Images found: 848; images selected: 848
2026-08-21 20:14:39,968 | INFO | Image list SHA256: 0656a65ebc5472cea0d35f30c2d70ade50d738fb8e45b28173e7bf539f7e1041
2026-08-21 20:15:19,250 | INFO | Preloaded decoded images: 848
2026-08-21 20:15:19,250 | INFO | Untimed preload wall-clock: 39281.910 ms (excluded from all latency statistics)
2026-08-21 20:15:19,826 | INFO | Actual model input shape: torch.Size([1, 3, 640, 640])
2026-08-21 20:15:19,827 | INFO | Precision: FP32
2026-08-21 20:15:19,832 | INFO | Device: cuda:0
2026-08-21 20:15:19,832 | INFO | Model end2end mode: True
2026-08-21 20:15:19,833 | INFO | Warm-up iterations using decoded RAM frames: 50
2026-08-21 20:15:21,128 | INFO | Starting measured decoded frames: 848
2026-08-21 20:15:22,620 | INFO | Measured 100/848 decoded frames
2026-08-21 20:15:24,239 | INFO | Measured 200/848 decoded frames
2026-08-21 20:15:25,557 | INFO | Measured 300/848 decoded frames
2026-08-21 20:15:26,840 | INFO | Measured 400/848 decoded frames
2026-08-21 20:15:28,152 | INFO | Measured 500/848 decoded frames
2026-08-21 20:15:29,502 | INFO | Measured 600/848 decoded frames
2026-08-21 20:15:30,900 | INFO | Measured 700/848 decoded frames
2026-08-21 20:15:32,458 | INFO | Measured 800/848 decoded frames
2026-08-21 20:15:33,075 | INFO | Measured 848/848 decoded frames
2026-08-21 20:15:33,247 | INFO | Mean processing latency: 14.028283 ms; processing FPS: 71.284562
2026-08-21 20:15:33,247 | INFO | P95: 26.034822 ms; P99: 28.992997 ms
2026-08-21 20:15:33,248 | INFO | Mean inference latency: 12.427023 ms
2026-08-21 20:15:33,248 | INFO | Deadline misses: 0/848
2026-08-21 20:15:33,249 | INFO | Saved: /mnt/e/yolo/yolo26/experiments/bac_rt_final/latency/run2/latency_frames.csv
2026-08-21 20:15:33,249 | INFO | Saved: /mnt/e/yolo/yolo26/experiments/bac_rt_final/latency/run2/latency_summary.json
