2026-08-21 20:15:46,179 | INFO | Images found: 848; images selected: 848
2026-08-21 20:15:46,180 | INFO | Image list SHA256: 0656a65ebc5472cea0d35f30c2d70ade50d738fb8e45b28173e7bf539f7e1041
2026-08-21 20:16:34,157 | INFO | Preloaded decoded images: 848
2026-08-21 20:16:34,160 | INFO | Untimed preload wall-clock: 47976.641 ms (excluded from all latency statistics)
2026-08-21 20:16:35,680 | INFO | Actual model input shape: torch.Size([1, 3, 640, 640])
2026-08-21 20:16:35,681 | INFO | Precision: FP32
2026-08-21 20:16:35,683 | INFO | Device: cuda:0
2026-08-21 20:16:35,687 | INFO | Model end2end mode: True
2026-08-21 20:16:35,689 | INFO | Warm-up iterations using decoded RAM frames: 50
2026-08-21 20:16:37,035 | INFO | Starting measured decoded frames: 848
2026-08-21 20:16:38,549 | INFO | Measured 100/848 decoded frames
2026-08-21 20:16:39,947 | INFO | Measured 200/848 decoded frames
2026-08-21 20:16:41,389 | INFO | Measured 300/848 decoded frames
2026-08-21 20:16:42,889 | INFO | Measured 400/848 decoded frames
2026-08-21 20:16:44,394 | INFO | Measured 500/848 decoded frames
2026-08-21 20:16:46,048 | INFO | Measured 600/848 decoded frames
2026-08-21 20:16:47,831 | INFO | Measured 700/848 decoded frames
2026-08-21 20:16:49,404 | INFO | Measured 800/848 decoded frames
2026-08-21 20:16:50,102 | INFO | Measured 848/848 decoded frames
2026-08-21 20:16:50,712 | INFO | Mean processing latency: 15.329662 ms; processing FPS: 65.233012
2026-08-21 20:16:50,713 | INFO | P95: 24.082497 ms; P99: 32.196642 ms
2026-08-21 20:16:50,713 | INFO | Mean inference latency: 13.456396 ms
2026-08-21 20:16:50,714 | INFO | Deadline misses: 6/848
2026-08-21 20:16:50,714 | INFO | Saved: /mnt/e/yolo/yolo26/experiments/bac_rt_final/latency/run3/latency_frames.csv
2026-08-21 20:16:50,714 | INFO | Saved: /mnt/e/yolo/yolo26/experiments/bac_rt_final/latency/run3/latency_summary.json
